// Jest Snapshot v1, https://goo.gl/fbAQLP

exports[`extendLoanCalculateInterest Should Calculate Additional Interest in Crypto 1`] = `<Connect(ExtendLoanScreen) />`;

exports[`extendLoanCalculateInterest Should Calculate Additional Interest in USD 1`] = `<Connect(ExtendLoanScreen) />`;

exports[`extendLoanCalculateInterest if value === 6 should return 6 1`] = `<Connect(ExtendLoanScreen) />`;

exports[`extendLoanCalculateInterest if value === 36 should return 36 1`] = `<Connect(ExtendLoanScreen) />`;

exports[`extendLoanCalculateInterest should decrement number by one 1`] = `<Connect(ExtendLoanScreen) />`;

exports[`extendLoanCalculateInterest should increment number by one 1`] = `<Connect(ExtendLoanScreen) />`;

exports[`extendLoanCalculateInterest should return total new interest, monthly interest, additional interest 1`] = `<Connect(ExtendLoanScreen) />`;
